// Vitest Snapshot v1, https://vitest.dev/guide/snapshot.html

exports[`App component > renders correctly 1`] = `
{
  "asFragment": [Function],
  "baseElement": <body>
    <div>
      <div
        class="sc-bgqQcB UKOcC"
      >
        <div
          class="sc-gTRrQi kAchyq"
        >
          <div
            class="sc-kcuKUB jaVmTh"
          >
            Pitch Memory
          </div>
          <div
            class="sc-dicizt EpAqJ"
          >
            <div
              class="sc-ewnqHT glNfzj"
            >
              <div
                style="display: flex; justify-content: center; align-items: center; height: 100%;"
              />
            </div>
            <div
              class="sc-ewnqHT glNfzj"
            >
              <div
                style="display: flex; justify-content: center; align-items: center; height: 100%;"
              />
            </div>
            <div
              class="sc-ewnqHT glNfzj"
            >
              <div
                style="display: flex; justify-content: center; align-items: center; height: 100%;"
              />
            </div>
            <div
              class="sc-ewnqHT glNfzj"
            >
              <div
                style="display: flex; justify-content: center; align-items: center; height: 100%;"
              />
            </div>
            <div
              class="sc-ewnqHT sc-fFGjHI XnnRw hmQmnO"
            />
            <div
              class="sc-ewnqHT glNfzj"
            >
              <div
                style="display: flex; justify-content: center; align-items: center; height: 100%;"
              />
            </div>
            <div
              class="sc-ewnqHT glNfzj"
            >
              <div
                style="display: flex; justify-content: center; align-items: center; height: 100%;"
              />
            </div>
            <div
              class="sc-ewnqHT glNfzj"
            >
              <div
                style="display: flex; justify-content: center; align-items: center; height: 100%;"
              />
            </div>
            <div
              class="sc-ewnqHT glNfzj"
            >
              <div
                style="display: flex; justify-content: center; align-items: center; height: 100%;"
              />
            </div>
          </div>
          <div
            class="sc-gxYJeL iJggFl"
          >
            <button
              class="sc-iVCKna doCsVB"
            >
              Restart
            </button>
            <select
              class="sc-kPTPQs fBkgRB"
            >
              <option
                value="9"
              >
                3 x 3
              </option>
              <option
                value="16"
              >
                4 x 4
              </option>
              <option
                value="25"
              >
                5 x 5
              </option>
              <option
                value="36"
              >
                6 x 6
              </option>
            </select>
            <div>
              find all the squares with the same pitch
            </div>
          </div>
        </div>
        <div
          class="sc-ispOId czHcJE"
        >
          Copyright © keyxcode
        </div>
      </div>
    </div>
  </body>,
  "container": <div>
    <div
      class="sc-bgqQcB UKOcC"
    >
      <div
        class="sc-gTRrQi kAchyq"
      >
        <div
          class="sc-kcuKUB jaVmTh"
        >
          Pitch Memory
        </div>
        <div
          class="sc-dicizt EpAqJ"
        >
          <div
            class="sc-ewnqHT glNfzj"
          >
            <div
              style="display: flex; justify-content: center; align-items: center; height: 100%;"
            />
          </div>
          <div
            class="sc-ewnqHT glNfzj"
          >
            <div
              style="display: flex; justify-content: center; align-items: center; height: 100%;"
            />
          </div>
          <div
            class="sc-ewnqHT glNfzj"
          >
            <div
              style="display: flex; justify-content: center; align-items: center; height: 100%;"
            />
          </div>
          <div
            class="sc-ewnqHT glNfzj"
          >
            <div
              style="display: flex; justify-content: center; align-items: center; height: 100%;"
            />
          </div>
          <div
            class="sc-ewnqHT sc-fFGjHI XnnRw hmQmnO"
          />
          <div
            class="sc-ewnqHT glNfzj"
          >
            <div
              style="display: flex; justify-content: center; align-items: center; height: 100%;"
            />
          </div>
          <div
            class="sc-ewnqHT glNfzj"
          >
            <div
              style="display: flex; justify-content: center; align-items: center; height: 100%;"
            />
          </div>
          <div
            class="sc-ewnqHT glNfzj"
          >
            <div
              style="display: flex; justify-content: center; align-items: center; height: 100%;"
            />
          </div>
          <div
            class="sc-ewnqHT glNfzj"
          >
            <div
              style="display: flex; justify-content: center; align-items: center; height: 100%;"
            />
          </div>
        </div>
        <div
          class="sc-gxYJeL iJggFl"
        >
          <button
            class="sc-iVCKna doCsVB"
          >
            Restart
          </button>
          <select
            class="sc-kPTPQs fBkgRB"
          >
            <option
              value="9"
            >
              3 x 3
            </option>
            <option
              value="16"
            >
              4 x 4
            </option>
            <option
              value="25"
            >
              5 x 5
            </option>
            <option
              value="36"
            >
              6 x 6
            </option>
          </select>
          <div>
            find all the squares with the same pitch
          </div>
        </div>
      </div>
      <div
        class="sc-ispOId czHcJE"
      >
        Copyright © keyxcode
      </div>
    </div>
  </div>,
  "debug": [Function],
  "findAllByAltText": [Function],
  "findAllByDisplayValue": [Function],
  "findAllByLabelText": [Function],
  "findAllByPlaceholderText": [Function],
  "findAllByRole": [Function],
  "findAllByTestId": [Function],
  "findAllByText": [Function],
  "findAllByTitle": [Function],
  "findByAltText": [Function],
  "findByDisplayValue": [Function],
  "findByLabelText": [Function],
  "findByPlaceholderText": [Function],
  "findByRole": [Function],
  "findByTestId": [Function],
  "findByText": [Function],
  "findByTitle": [Function],
  "getAllByAltText": [Function],
  "getAllByDisplayValue": [Function],
  "getAllByLabelText": [Function],
  "getAllByPlaceholderText": [Function],
  "getAllByRole": [Function],
  "getAllByTestId": [Function],
  "getAllByText": [Function],
  "getAllByTitle": [Function],
  "getByAltText": [Function],
  "getByDisplayValue": [Function],
  "getByLabelText": [Function],
  "getByPlaceholderText": [Function],
  "getByRole": [Function],
  "getByTestId": [Function],
  "getByText": [Function],
  "getByTitle": [Function],
  "queryAllByAltText": [Function],
  "queryAllByDisplayValue": [Function],
  "queryAllByLabelText": [Function],
  "queryAllByPlaceholderText": [Function],
  "queryAllByRole": [Function],
  "queryAllByTestId": [Function],
  "queryAllByText": [Function],
  "queryAllByTitle": [Function],
  "queryByAltText": [Function],
  "queryByDisplayValue": [Function],
  "queryByLabelText": [Function],
  "queryByPlaceholderText": [Function],
  "queryByRole": [Function],
  "queryByTestId": [Function],
  "queryByText": [Function],
  "queryByTitle": [Function],
  "rerender": [Function],
  "unmount": [Function],
}
`;
